root@5473029-xq42533:~/db# ./run-seed.sh
üå± –°–∫—Ä–∏–ø—Ç –∑–∞–ø–æ–ª–Ω–µ–Ω–∏—è –±–∞–∑—ã –¥–∞–Ω–Ω—ã—Ö HNS Studio
=================================================
üì¶ –£—Å—Ç–∞–Ω–æ–≤–∫–∞ –∑–∞–≤–∏—Å–∏–º–æ—Å—Ç–∏ pg...

up to date, audited 15 packages in 657ms

found 0 vulnerabilities
üîç –ü—Ä–æ–≤–µ—Ä–∫–∞ –ø–æ–¥–∫–ª—é—á–µ–Ω–∏—è –∫ –±–∞–∑–µ –¥–∞–Ω–Ω—ã—Ö...
üå± –ó–∞–ø—É—Å–∫ –∑–∞–ø–æ–ª–Ω–µ–Ω–∏—è –±–∞–∑—ã –¥–∞–Ω–Ω—ã—Ö...

üîå –ü–æ–¥–∫–ª—é—á–µ–Ω–∏–µ –∫ –±–∞–∑–µ –¥–∞–Ω–Ω—ã—Ö...
üìã –°–æ–∑–¥–∞–Ω–∏–µ —Ç–∞–±–ª–∏—Ü...
üßπ –û—á–∏—Å—Ç–∫–∞ —Å—É—â–µ—Å—Ç–≤—É—é—â–∏—Ö –¥–∞–Ω–Ω—ã—Ö...
‚öôÔ∏è –î–æ–±–∞–≤–ª–µ–Ω–∏–µ —Ç–µ—Ö–Ω–æ–ª–æ–≥–∏–π...
‚úÖ –î–æ–±–∞–≤–ª–µ–Ω–æ 38 —Ç–µ—Ö–Ω–æ–ª–æ–≥–∏–π
üë• –î–æ–±–∞–≤–ª–µ–Ω–∏–µ —Ä–æ–ª–µ–π –∫–æ–º–∞–Ω–¥—ã...
‚úÖ –î–æ–±–∞–≤–ª–µ–Ω–æ 8 —Ä–æ–ª–µ–π –∫–æ–º–∞–Ω–¥—ã
üíº –î–æ–±–∞–≤–ª–µ–Ω–∏–µ –ø—Ä–æ–µ–∫—Ç–æ–≤ –ø–æ—Ä—Ç—Ñ–æ–ª–∏–æ...
‚úÖ –î–æ–±–∞–≤–ª–µ–Ω–æ 10 –ø—Ä–æ–µ–∫—Ç–æ–≤ –ø–æ—Ä—Ç—Ñ–æ–ª–∏–æ

üéâ –ë–∞–∑–∞ –¥–∞–Ω–Ω—ã—Ö —É—Å–ø–µ—à–Ω–æ –∑–∞–ø–æ–ª–Ω–µ–Ω–∞!
üìä –°—Ç–∞—Ç–∏—Å—Ç–∏–∫–∞:
   ‚Ä¢ –¢–µ—Ö–Ω–æ–ª–æ–≥–∏–∏: 38
   ‚Ä¢ –†–æ–ª–∏ –∫–æ–º–∞–Ω–¥—ã: 8
   ‚Ä¢ –ü—Ä–æ–µ–∫—Ç—ã –ø–æ—Ä—Ç—Ñ–æ–ª–∏–æ: 10

üîç –ü—Ä–∏–º–µ—Ä—ã –¥–æ–±–∞–≤–ª–µ–Ω–Ω—ã—Ö –¥–∞–Ω–Ω—ã—Ö:
   –¢–µ—Ö–Ω–æ–ª–æ–≥–∏–∏:
     ‚Ä¢ React (Frontend)
     ‚Ä¢ TypeScript (Frontend)
     ‚Ä¢ Three.js (Frontend)
     ‚Ä¢ React Three Fiber (Frontend)
     ‚Ä¢ WebGL (Frontend)
   –ü—Ä–æ–µ–∫—Ç—ã:
     ‚Ä¢ AI-Powered Code Review Platform (AI/ML)
     ‚Ä¢ 3D Virtual Office Platform (3D/WebGL)
     ‚Ä¢ Intelligent E-commerce Analytics Suite (AI/ML)

üîå –ü–æ–¥–∫–ª—é—á–µ–Ω–∏–µ –∫ –±–∞–∑–µ –¥–∞–Ω–Ω—ã—Ö –∑–∞–∫—Ä—ã—Ç–æ

‚úÖ –ë–∞–∑–∞ –¥–∞–Ω–Ω—ã—Ö —É—Å–ø–µ—à–Ω–æ –∑–∞–ø–æ–ª–Ω–µ–Ω–∞ —Ç–µ—Å—Ç–æ–≤—ã–º–∏ –¥–∞–Ω–Ω—ã–º–∏!

üìã –ß—Ç–æ –±—ã–ª–æ –¥–æ–±–∞–≤–ª–µ–Ω–æ:
‚Ä¢ 30+ —Ç–µ—Ö–Ω–æ–ª–æ–≥–∏–π (React, Node.js, AI/ML, Blockchain –∏ –¥—Ä.)
‚Ä¢ 8 —Ä–æ–ª–µ–π –≤ –∫–æ–º–∞–Ω–¥–µ (Frontend, Backend, Full-Stack, DevOps –∏ –¥—Ä.)
‚Ä¢ 10 –ø—Ä–æ–µ–∫—Ç–æ–≤ –ø–æ—Ä—Ç—Ñ–æ–ª–∏–æ (–æ—Ç AI –ø–ª–∞—Ç—Ñ–æ—Ä–º –¥–æ VR/AR —Å–∏—Å—Ç–µ–º)

üöÄ –¢–µ–ø–µ—Ä—å –º–æ–∂–µ—Ç–µ –∑–∞–ø—É—Å—Ç–∏—Ç—å –ø—Ä–∏–ª–æ–∂–µ–Ω–∏–µ –∏ —É–≤–∏–¥–µ—Ç—å –¥–∞–Ω–Ω—ã–µ –≤ –∏–Ω—Ç–µ—Ä—Ñ–µ–π—Å–µ!
root@5473029-xq42533:~/db# ^C
root@5473029-xq42533:~/db# ^C
root@5473029-xq42533:~/db# cd /var/www/
root@5473029-xq42533:/var/www# cd hns-studio
root@5473029-xq42533:/var/www/hns-studio# cd studio
root@5473029-xq42533:/var/www/hns-studio/studio# nano .env
root@5473029-xq42533:/var/www/hns-studio/studio# pm2 env hns-studio
[PM2][ERROR] Modules with id hns-studio not found
root@5473029-xq42533:/var/www/hns-studio/studio# cat /var/www/hns-studio/studio/.env
NODE_ENV=production
PORT=5000
DATABASE_URL=postgresql://hns_user:Saa40022@localhost:5432/hns_studio
root@5473029-xq42533:/var/www/hns-studio/studio# sudo -u postgres psql -c "SELECT datname, usename, client_addr FROM pg_stat_activity WHERE state = 'active';"
 datname  | usename  | client_addr 
----------+----------+-------------
 postgres | postgres | 
(1 row)

root@5473029-xq42533:/var/www/hns-studio/studio# cat > check-db.js << 'EOF'
const { Client } = require('pg');
// –ó–∞–≥—Ä—É–∑–∫–∞ .env
require('dotenv').config();
console.log('DATABASE_URL:', process.env.DATABASE_URL ? '—É—Å—Ç–∞–Ω–æ–≤–ª–µ–Ω' : '–ù–ï —É—Å—Ç–∞–Ω–æ–≤–ª–µ–Ω');
console.log('NODE_ENV:', process.env.NODE_ENV || '–Ω–µ —É—Å—Ç–∞–Ω–æ–≤–ª–µ–Ω');
if (process.env.DATABASE_URL) {
  const client = new Client({ connectionString: process.env.DATABASE_URL });
  
  client.connect()
    .then(() => {
      console.log('‚úÖ –ü–æ–¥–∫–ª—é—á–µ–Ω–∏–µ –∫ PostgreSQL —É—Å–ø–µ—à–Ω–æ');
      return client.query('SELECT current_database(), current_user, inet_server_addr(), inet_server_port()');
    })
    .then(result => {
      const row = result.rows[0];
      console.log('–ë–∞–∑–∞ –¥–∞–Ω–Ω—ã—Ö:', row.current_database);
      console.log('–ü–æ–ª—å–∑–æ–≤–∞—Ç–µ–ª—å:', row.current_user);
      console.log('–•–æ—Å—Ç:', row.inet_server_addr || 'localhost');
      console.log('–ü–æ—Ä—Ç:', row.inet_server_port || '5432');
    })
    .catch(err => {
      console.log('‚ùå –û—à–∏–±–∫–∞ –ø–æ–¥–∫–ª—é—á–µ–Ω–∏—è:', err.message);
    })
    .finally(() => {
      client.end();
    });
} else {
  console.log('‚ùå –°–∞–π—Ç –∏—Å–ø–æ–ª—å–∑—É–µ—Ç in-memory —Ö—Ä–∞–Ω–∏–ª–∏—â–µ (–¥–∞–Ω–Ω—ã–µ –≤ –ø–∞–º—è—Ç–∏)');
}
EOF
root@5473029-xq42533:/var/www/hns-studio/studio# npm install dotenv

added 125 packages, and audited 771 packages in 2s

81 packages are looking for funding
  run `npm fund` for details

8 vulnerabilities (3 low, 5 moderate)

To address issues that do not require attention, run:
  npm audit fix

To address all issues (including breaking changes), run:
  npm audit fix --force

Run `npm audit` for details.
root@5473029-xq42533:/var/www/hns-studio/studio# node check-db.js
file:///var/www/hns-studio/studio/check-db.js:1
const { Client } = require('pg');
                   ^

ReferenceError: require is not defined in ES module scope, you can use import instead
This file is being treated as an ES module because it has a '.js' file extension and '/var/www/hns-studio/studio/package.json' contains "type": "module". To treat it as a CommonJS script, rename it to use the '.cjs' file extension.
    at file:///var/www/hns-studio/studio/check-db.js:1:20
    at ModuleJob.run (node:internal/modules/esm/module_job:343:25)
    at async onImport.tracePromise.__proto__ (node:internal/modules/esm/loader:647:26)
    at async asyncRunEntryPointWithESMLoader (node:internal/modules/run_main:117:5)

Node.js v22.18.0
root@5473029-xq42533:/var/www/hns-studio/studio# mv check-db.js check-db.cjs
root@5473029-xq42533:/var/www/hns-studio/studio# node check-db.cjs
[dotenv@17.2.1] injecting env (3) from .env -- tip: üîê prevent committing .env to code: https://dotenvx.com/precommit
DATABASE_URL: —É—Å—Ç–∞–Ω–æ–≤–ª–µ–Ω
NODE_ENV: production
‚úÖ –ü–æ–¥–∫–ª—é—á–µ–Ω–∏–µ –∫ PostgreSQL —É—Å–ø–µ—à–Ω–æ
–ë–∞–∑–∞ –¥–∞–Ω–Ω—ã—Ö: hns_studio
–ü–æ–ª—å–∑–æ–≤–∞—Ç–µ–ª—å: hns_user
–•–æ—Å—Ç: ::1
–ü–æ—Ä—Ç: 5432
root@5473029-xq42533:/var/www/hns-studio/studio#