root@5473029-xq42533:/var/www/hns-studio/studio# node check-db.cjs
[dotenv@17.2.1] injecting env (3) from .env -- tip: 🔐 prevent committing .env to code: https://dotenvx.com/precommit
DATABASE_URL: установлен
NODE_ENV: production
✅ Подключение к PostgreSQL успешно
База данных: hns_studio
Пользователь: hns_user
Хост: ::1
Порт: 5432
root@5473029-xq42533:/var/www/hns-studio/studio# netstat -tlnp | grep :5000
Command 'netstat' not found, but can be installed with:
apt install net-tools
root@5473029-xq42533:/var/www/hns-studio/studio# apt install net-tools
Reading package lists... Done
Building dependency tree... Done
Reading state information... Done
The following NEW packages will be installed:
  net-tools
0 upgraded, 1 newly installed, 0 to remove and 4 not upgraded.
Need to get 204 kB of archives.
After this operation, 811 kB of additional disk space will be used.
Get:1 http://ru.archive.ubuntu.com/ubuntu noble-updates/main amd64 net-tools amd64 2.10-0.1ubuntu4.4 [204 kB]
Fetched 204 kB in 0s (1,602 kB/s) 
Selecting previously unselected package net-tools.
(Reading database ... 85060 files and directories currently installed.)
Preparing to unpack .../net-tools_2.10-0.1ubuntu4.4_amd64.deb ...
Unpacking net-tools (2.10-0.1ubuntu4.4) ...
Setting up net-tools (2.10-0.1ubuntu4.4) ...
Processing triggers for man-db (2.12.0-4build2) ...
root@5473029-xq42533:/var/www/hns-studio/studio# netstat -tlnp | grep :5000
tcp        0      0 0.0.0.0:5000            0.0.0.0:*               LISTEN      64268/node          
root@5473029-xq42533:/var/www/hns-studio/studio# pm2 list
┌────┬───────────────┬─────────────┬─────────┬─────────┬──────────┬────────┬──────┬───────────┬──────────┬──────────┬──────────┬──────────┐
│ id │ name          │ namespace   │ version │ mode    │ pid      │ uptime │ ↺    │ status    │ cpu      │ mem      │ user     │ watching │
├────┼───────────────┼─────────────┼─────────┼─────────┼──────────┼────────┼──────┼───────────┼──────────┼──────────┼──────────┼──────────┤
│ 0  │ hns-studio    │ default     │ 1.0.0   │ fork    │ 64245    │ 16m    │ 0    │ online    │ 0%       │ 73.3mb   │ root     │ disabled │
└────┴───────────────┴─────────────┴─────────┴─────────┴──────────┴────────┴──────┴───────────┴──────────┴──────────┴──────────┴──────────┘
root@5473029-xq42533:/var/www/hns-studio/studio# pm2 stop all
[PM2] Applying action stopProcessId on app [all](ids: [ 0 ])
[PM2] [hns-studio](0) ✓
┌────┬───────────────┬─────────────┬─────────┬─────────┬──────────┬────────┬──────┬───────────┬──────────┬──────────┬──────────┬──────────┐
│ id │ name          │ namespace   │ version │ mode    │ pid      │ uptime │ ↺    │ status    │ cpu      │ mem      │ user     │ watching │
├────┼───────────────┼─────────────┼─────────┼─────────┼──────────┼────────┼──────┼───────────┼──────────┼──────────┼──────────┼──────────┤
│ 0  │ hns-studio    │ default     │ 1.0.0   │ fork    │ 0        │ 0      │ 0    │ stopped   │ 0%       │ 0b       │ root     │ disabled │
└────┴───────────────┴─────────────┴─────────┴─────────┴──────────┴────────┴──────┴───────────┴──────────┴──────────┴──────────┴──────────┘
root@5473029-xq42533:/var/www/hns-studio/studio# pm2 delete all
[PM2] Applying action deleteProcessId on app [all](ids: [ 0 ])
[PM2] [hns-studio](0) ✓
┌────┬───────────┬─────────────┬─────────┬─────────┬──────────┬────────┬──────┬───────────┬──────────┬──────────┬──────────┬──────────┐
│ id │ name      │ namespace   │ version │ mode    │ pid      │ uptime │ ↺    │ status    │ cpu      │ mem      │ user     │ watching │
└────┴───────────┴─────────────┴─────────┴─────────┴──────────┴────────┴──────┴───────────┴──────────┴──────────┴──────────┴──────────┘
root@5473029-xq42533:/var/www/hns-studio/studio# cd /var/www/hns-studio/studio
root@5473029-xq42533:/var/www/hns-studio/studio# pm2 start ecosystem.config.cjs
[PM2][WARN] Applications hns-studio not running, starting...
[PM2] App [hns-studio] launched (1 instances)
┌────┬───────────────┬─────────────┬─────────┬─────────┬──────────┬────────┬──────┬───────────┬──────────┬──────────┬──────────┬──────────┐
│ id │ name          │ namespace   │ version │ mode    │ pid      │ uptime │ ↺    │ status    │ cpu      │ mem      │ user     │ watching │
├────┼───────────────┼─────────────┼─────────┼─────────┼──────────┼────────┼──────┼───────────┼──────────┼──────────┼──────────┼──────────┤
│ 0  │ hns-studio    │ default     │ 1.0.0   │ fork    │ 65657    │ 0s     │ 0    │ online    │ 0%       │ 20.9mb   │ root     │ disabled │
└────┴───────────────┴─────────────┴─────────┴─────────┴──────────┴────────┴──────┴───────────┴──────────┴──────────┴──────────┴──────────┘
root@5473029-xq42533:/var/www/hns-studio/studio# pm2 logs hns-studio --lines 10
[TAILING] Tailing last 10 lines for [hns-studio] process (change the value with --lines option)
/var/www/hns-studio/studio/logs/err.log last 10 lines:
0|hns-stud | 
0|hns-stud | 
0|hns-stud | Error: Could not find the build directory: /var/www/hns-studio/studio/server/public, make sure to build the client first
0|hns-stud |     at serveStatic (/var/www/hns-studio/studio/server/vite.ts:74:11)
0|hns-stud |     at <anonymous> (/var/www/hns-studio/studio/server/index.ts:56:5)
0|hns-stud | 
0|hns-stud | Node.js v22.18.0
0|hns-stud | DATABASE_URL not set. Using in-memory storage for development.
0|hns-stud | DATABASE_URL not set. Using in-memory storage for development.
0|hns-stud | DATABASE_URL not set. Using in-memory storage for development.

/var/www/hns-studio/studio/logs/out.log last 10 lines:
0|hns-stud | 1:36:55 AM [express] GET /api/team-roles 304 in 4ms :: []
0|hns-stud | 1:36:55 AM [express] GET /api/technologies 304 in 0ms :: []
0|hns-stud | 1:36:55 AM [express] GET /api/contacts 304 in 1ms :: []
0|hns-stud | 1:36:57 AM [express] GET /api/portfolio-projects 304 in 1ms :: [{"id":1,"title":"CRM система с AI-ан…
0|hns-stud | 1:36:57 AM [express] GET /api/team-roles 304 in 1ms :: []
0|hns-stud | 1:36:57 AM [express] GET /api/technologies 304 in 1ms :: []
0|hns-stud | 1:40:09 AM [express] GET /api/team-roles 304 in 1ms :: []
0|hns-stud | 1:40:09 AM [express] GET /api/portfolio-projects 304 in 1ms :: [{"id":1,"title":"CRM система с AI-ан…
0|hns-stud | 1:40:09 AM [express] GET /api/technologies 304 in 0ms :: []
0|hns-stud | 1:41:42 AM [express] serving on port 5000

^C
root@5473029-xq42533:/var/www/hns-studio/studio# pm2 list
┌────┬───────────────┬─────────────┬─────────┬─────────┬──────────┬────────┬──────┬───────────┬──────────┬──────────┬──────────┬──────────┐
│ id │ name          │ namespace   │ version │ mode    │ pid      │ uptime │ ↺    │ status    │ cpu      │ mem      │ user     │ watching │
├────┼───────────────┼─────────────┼─────────┼─────────┼──────────┼────────┼──────┼───────────┼──────────┼──────────┼──────────┼──────────┤
│ 0  │ hns-studio    │ default     │ 1.0.0   │ fork    │ 65657    │ 63s    │ 0    │ online    │ 0%       │ 74.0mb   │ root     │ disabled │
└────┴───────────────┴─────────────┴─────────┴─────────┴──────────┴────────┴──────┴───────────┴──────────┴──────────┴──────────┴──────────┘
root@5473029-xq42533:/var/www/hns-studio/studio# pm2 stop all
[PM2] Applying action stopProcessId on app [all](ids: [ 0 ])
[PM2] [hns-studio](0) ✓
┌────┬───────────────┬─────────────┬─────────┬─────────┬──────────┬────────┬──────┬───────────┬──────────┬──────────┬──────────┬──────────┐
│ id │ name          │ namespace   │ version │ mode    │ pid      │ uptime │ ↺    │ status    │ cpu      │ mem      │ user     │ watching │
├────┼───────────────┼─────────────┼─────────┼─────────┼──────────┼────────┼──────┼───────────┼──────────┼──────────┼──────────┼──────────┤
│ 0  │ hns-studio    │ default     │ 1.0.0   │ fork    │ 0        │ 0      │ 0    │ stopped   │ 0%       │ 0b       │ root     │ disabled │
└────┴───────────────┴─────────────┴─────────┴─────────┴──────────┴────────┴──────┴───────────┴──────────┴──────────┴──────────┴──────────┘
root@5473029-xq42533:/var/www/hns-studio/studio# pm2 delete all
[PM2] Applying action deleteProcessId on app [all](ids: [ 0 ])
[PM2] [hns-studio](0) ✓
┌────┬───────────┬─────────────┬─────────┬─────────┬──────────┬────────┬──────┬───────────┬──────────┬──────────┬──────────┬──────────┐
│ id │ name      │ namespace   │ version │ mode    │ pid      │ uptime │ ↺    │ status    │ cpu      │ mem      │ user     │ watching │
└────┴───────────┴─────────────┴─────────┴─────────┴──────────┴────────┴──────┴───────────┴──────────┴──────────┴──────────┴──────────┘
root@5473029-xq42533:/var/www/hns-studio/studio# pm2 start ecosystem.config.cjs
[PM2][WARN] Applications hns-studio not running, starting...
[PM2] App [hns-studio] launched (1 instances)
┌────┬───────────────┬─────────────┬─────────┬─────────┬──────────┬────────┬──────┬───────────┬──────────┬──────────┬──────────┬──────────┐
│ id │ name          │ namespace   │ version │ mode    │ pid      │ uptime │ ↺    │ status    │ cpu      │ mem      │ user     │ watching │
├────┼───────────────┼─────────────┼─────────┼─────────┼──────────┼────────┼──────┼───────────┼──────────┼──────────┼──────────┼──────────┤
│ 0  │ hns-studio    │ default     │ 1.0.0   │ fork    │ 65767    │ 0s     │ 0    │ online    │ 0%       │ 16.9mb   │ root     │ disabled │